> Task :app:preBuild UP-TO-DATE
> Task :app:preProdDebugBuild UP-TO-DATE
> Task :app:mergeProdDebugNativeDebugMetadata NO-SOURCE
> Task :app:generateProdDebugBuildConfig UP-TO-DATE
> Task :app:generateProdDebugResources UP-TO-DATE
> Task :app:injectCrashlyticsMappingFileIdProdDebug UP-TO-DATE
> Task :app:injectCrashlyticsVersionControlInfoProdDebug UP-TO-DATE
> Task :app:processProdDebugGoogleServices UP-TO-DATE
> Task :app:packageProdDebugResources UP-TO-DATE
> Task :app:processProdDebugNavigationResources UP-TO-DATE
> Task :app:parseProdDebugLocalResources UP-TO-DATE
> Task :app:generateProdDebugRFile UP-TO-DATE
> Task :app:javaPreCompileProdDebug UP-TO-DATE
> Task :app:generateProdDebugAssets UP-TO-DATE
> Task :app:mergeProdDebugAssets UP-TO-DATE
> Task :app:compressProdDebugAssets UP-TO-DATE
> Task :app:checkProdDebugDuplicateClasses UP-TO-DATE
> Task :app:desugarProdDebugFileDependencies UP-TO-DATE
> Task :app:mergeExtDexProdDebug UP-TO-DATE
> Task :app:mergeLibDexProdDebug UP-TO-DATE
> Task :app:checkProdDebugAarMetadata UP-TO-DATE
> Task :app:compileProdDebugNavigationResources UP-TO-DATE
> Task :app:mapProdDebugSourceSetPaths UP-TO-DATE
> Task :app:mergeProdDebugResources UP-TO-DATE
> Task :app:createProdDebugCompatibleScreenManifests UP-TO-DATE
> Task :app:extractDeepLinksProdDebug UP-TO-DATE
> Task :app:processProdDebugMainManifest UP-TO-DATE
> Task :app:processProdDebugManifest UP-TO-DATE
> Task :app:processProdDebugManifestForPackage UP-TO-DATE
> Task :app:processProdDebugResources UP-TO-DATE
> Task :app:mergeProdDebugJniLibFolders UP-TO-DATE
> Task :app:mergeProdDebugNativeLibs UP-TO-DATE
> Task :app:stripProdDebugDebugSymbols UP-TO-DATE
> Task :app:validateSigningProdDebug UP-TO-DATE
> Task :app:writeProdDebugAppMetadata UP-TO-DATE
> Task :app:writeProdDebugSigningConfigVersions UP-TO-DATE
> Task :app:preStageDebugBuild UP-TO-DATE
> Task :app:mergeStageDebugNativeDebugMetadata NO-SOURCE
> Task :app:generateStageDebugBuildConfig UP-TO-DATE
> Task :app:generateStageDebugResources UP-TO-DATE
> Task :app:injectCrashlyticsMappingFileIdStageDebug UP-TO-DATE
> Task :app:injectCrashlyticsVersionControlInfoStageDebug UP-TO-DATE
> Task :app:processStageDebugGoogleServices UP-TO-DATE
> Task :app:packageStageDebugResources UP-TO-DATE
> Task :app:processStageDebugNavigationResources UP-TO-DATE
> Task :app:parseStageDebugLocalResources UP-TO-DATE
> Task :app:generateStageDebugRFile UP-TO-DATE
> Task :app:javaPreCompileStageDebug UP-TO-DATE
> Task :app:generateStageDebugAssets UP-TO-DATE
> Task :app:mergeStageDebugAssets UP-TO-DATE
> Task :app:compressStageDebugAssets UP-TO-DATE
> Task :app:checkStageDebugDuplicateClasses UP-TO-DATE
> Task :app:desugarStageDebugFileDependencies UP-TO-DATE
> Task :app:mergeExtDexStageDebug UP-TO-DATE
> Task :app:mergeLibDexStageDebug UP-TO-DATE
> Task :app:checkStageDebugAarMetadata UP-TO-DATE
> Task :app:compileStageDebugNavigationResources UP-TO-DATE
> Task :app:mapStageDebugSourceSetPaths UP-TO-DATE
> Task :app:mergeStageDebugResources UP-TO-DATE
> Task :app:createStageDebugCompatibleScreenManifests UP-TO-DATE
> Task :app:extractDeepLinksStageDebug UP-TO-DATE
> Task :app:processStageDebugMainManifest UP-TO-DATE
> Task :app:processStageDebugManifest UP-TO-DATE
> Task :app:processStageDebugManifestForPackage UP-TO-DATE
> Task :app:processStageDebugResources UP-TO-DATE
> Task :app:mergeStageDebugJniLibFolders UP-TO-DATE
> Task :app:mergeStageDebugNativeLibs UP-TO-DATE
> Task :app:stripStageDebugDebugSymbols UP-TO-DATE
> Task :app:validateSigningStageDebug UP-TO-DATE
> Task :app:writeStageDebugAppMetadata UP-TO-DATE
> Task :app:writeStageDebugSigningConfigVersions UP-TO-DATE

> Task :app:compileStageDebugKotlin FAILED
./gradlew : e: file:///C:/Users/AKSHAY/Android
StudioProjects/Iqrar-Times1211/app/src/main/ja
va/com/example/iqrarnewscompose/NewsViewModel.
kt:66:56 Cannot infer type for this 
parameter. Specify it explicitly.
At line:1 char:1
+ ./gradlew assembleDebug 2>&1 > 
build_error.log
+ 
~~~~~~~~~~~~~~~~~~~~~~~~~~~~~~~~~~~~~~~~~~~~~~
    + CategoryInfo          : NotSpecified: 
(e    : file:///C:/U... it 
explicitly.:String) [    ], RemoteException
    + FullyQualifiedErrorId : 
NativeCommandErr    or
 
e: file:///C:/Users/AKSHAY/AndroidStudioProjec
ts/Iqrar-Times1211/app/src/main/java/com/examp
le/iqrarnewscompose/NewsViewModel.kt:67:44 
Unresolved reference 'async'.
e: file:///C:/Users/AKSHAY/AndroidStudioProjec
ts/Iqrar-Times1211/app/src/main/java/com/examp
le/iqrarnewscompose/NewsViewModel.kt:68:34 
Suspension functions can only be called 
within coroutine body.
e: file:///C:/Users/AKSHAY/AndroidStudioProjec
ts/Iqrar-Times1211/app/src/main/java/com/examp
le/iqrarnewscompose/NewsViewModel.kt:71:54 
Cannot infer type for this parameter. Specify 
it explicitly.
e: file:///C:/Users/AKSHAY/AndroidStudioProjec
ts/Iqrar-Times1211/app/src/main/java/com/examp
le/iqrarnewscompose/NewsViewModel.kt:71:54 
Not enough information to infer type argument 
for 'T'.
e: file:///C:/Users/AKSHAY/AndroidStudioProjec
ts/Iqrar-Times1211/app/src/main/java/com/examp
le/iqrarnewscompose/NewsViewModel.kt:71:74 
Cannot infer type for this parameter. Specify 
it explicitly.
e: file:///C:/Users/AKSHAY/AndroidStudioProjec
ts/Iqrar-Times1211/app/src/main/java/com/examp
le/iqrarnewscompose/NewsViewModel.kt:71:74 
Not enough information to infer type argument 
for 'T'.
e: file:///C:/Users/AKSHAY/AndroidStudioProjec
ts/Iqrar-Times1211/app/src/main/java/com/examp
le/iqrarnewscompose/NewsViewModel.kt:74:48 
Cannot infer type for this parameter. Specify 
it explicitly.
e: file:///C:/Users/AKSHAY/AndroidStudioProjec
ts/Iqrar-Times1211/app/src/main/java/com/examp
le/iqrarnewscompose/NewsViewModel.kt:74:48 
Not enough information to infer type argument 
for 'T'.
e: file:///C:/Users/AKSHAY/AndroidStudioProjec
ts/Iqrar-Times1211/app/src/main/java/com/examp
le/iqrarnewscompose/NewsViewModel.kt:74:58 
Cannot infer type for this parameter. Specify 
it explicitly.
e: file:///C:/Users/AKSHAY/AndroidStudioProjec
ts/Iqrar-Times1211/app/src/main/java/com/examp
le/iqrarnewscompose/NewsViewModel.kt:74:58 
Not enough information to infer type argument 
for 'T'.
e: file:///C:/Users/AKSHAY/AndroidStudioProjec
ts/Iqrar-Times1211/app/src/main/java/com/examp
le/iqrarnewscompose/NewsViewModel.kt:74:58 
Not enough information to infer type argument 
for 'K'.
e: file:///C:/Users/AKSHAY/AndroidStudioProjec
ts/Iqrar-Times1211/app/src/main/java/com/examp
le/iqrarnewscompose/NewsViewModel.kt:74:69 
Cannot infer type for this parameter. Specify 
it explicitly.
e: file:///C:/Users/AKSHAY/AndroidStudioProjec
ts/Iqrar-Times1211/app/src/main/java/com/examp
le/iqrarnewscompose/NewsViewModel.kt:74:74 
Unresolved reference 'id'.
e: file:///C:/Users/AKSHAY/AndroidStudioProjec
ts/Iqrar-Times1211/app/src/main/java/com/examp
le/iqrarnewscompose/NewsViewModel.kt:77:51 
Cannot infer type for this parameter. Specify 
it explicitly.
e: file:///C:/Users/AKSHAY/AndroidStudioProjec
ts/Iqrar-Times1211/app/src/main/java/com/examp
le/iqrarnewscompose/NewsViewModel.kt:77:51 
Not enough information to infer type argument 
for 'T'.
e: file:///C:/Users/AKSHAY/AndroidStudioProjec
ts/Iqrar-Times1211/app/src/main/java/com/examp
le/iqrarnewscompose/NewsViewModel.kt:77:51 
Not enough information to infer type argument 
for 'R'.
e: file:///C:/Users/AKSHAY/AndroidStudioProjec
ts/Iqrar-Times1211/app/src/main/java/com/examp
le/iqrarnewscompose/NewsViewModel.kt:77:70 
Cannot infer type for this parameter. Specify 
it explicitly.
e: file:///C:/Users/AKSHAY/AndroidStudioProjec
ts/Iqrar-Times1211/app/src/main/java/com/examp
le/iqrarnewscompose/NewsViewModel.kt:77:75 
Unresolved reference 'date'.

> Task :app:compileProdDebugKotlin FAILED
e: file:///C:/Users/AKSHAY/AndroidStudioProjec
ts/Iqrar-Times1211/app/src/main/java/com/examp
le/iqrarnewscompose/NewsViewModel.kt:66:56 
Cannot infer type for this parameter. Specify 
it explicitly.
e: file:///C:/Users/AKSHAY/AndroidStudioProjec
ts/Iqrar-Times1211/app/src/main/java/com/examp
le/iqrarnewscompose/NewsViewModel.kt:67:44 
Unresolved reference 'async'.
e: file:///C:/Users/AKSHAY/AndroidStudioProjec
ts/Iqrar-Times1211/app/src/main/java/com/examp
le/iqrarnewscompose/NewsViewModel.kt:68:34 
Suspension functions can only be called 
within coroutine body.
e: file:///C:/Users/AKSHAY/AndroidStudioProjec
ts/Iqrar-Times1211/app/src/main/java/com/examp
le/iqrarnewscompose/NewsViewModel.kt:71:54 
Cannot infer type for this parameter. Specify 
it explicitly.
e: file:///C:/Users/AKSHAY/AndroidStudioProjec
ts/Iqrar-Times1211/app/src/main/java/com/examp
le/iqrarnewscompose/NewsViewModel.kt:71:54 
Not enough information to infer type argument 
for 'T'.
e: file:///C:/Users/AKSHAY/AndroidStudioProjec
ts/Iqrar-Times1211/app/src/main/java/com/examp
le/iqrarnewscompose/NewsViewModel.kt:71:74 
Cannot infer type for this parameter. Specify 
it explicitly.
e: file:///C:/Users/AKSHAY/AndroidStudioProjec
ts/Iqrar-Times1211/app/src/main/java/com/examp
le/iqrarnewscompose/NewsViewModel.kt:71:74 
Not enough information to infer type argument 
for 'T'.
e: file:///C:/Users/AKSHAY/AndroidStudioProjec
ts/Iqrar-Times1211/app/src/main/java/com/examp
le/iqrarnewscompose/NewsViewModel.kt:74:48 
Cannot infer type for this parameter. Specify 
it explicitly.
e: file:///C:/Users/AKSHAY/AndroidStudioProjec
ts/Iqrar-Times1211/app/src/main/java/com/examp
le/iqrarnewscompose/NewsViewModel.kt:74:48 
Not enough information to infer type argument 
for 'T'.
e: file:///C:/Users/AKSHAY/AndroidStudioProjec
ts/Iqrar-Times1211/app/src/main/java/com/examp
le/iqrarnewscompose/NewsViewModel.kt:74:58 
Cannot infer type for this parameter. Specify 
it explicitly.
e: file:///C:/Users/AKSHAY/AndroidStudioProjec
ts/Iqrar-Times1211/app/src/main/java/com/examp
le/iqrarnewscompose/NewsViewModel.kt:74:58 
Not enough information to infer type argument 
for 'T'.
e: file:///C:/Users/AKSHAY/AndroidStudioProjec
ts/Iqrar-Times1211/app/src/main/java/com/examp
le/iqrarnewscompose/NewsViewModel.kt:74:58 
Not enough information to infer type argument 
for 'K'.
e: file:///C:/Users/AKSHAY/AndroidStudioProjec
ts/Iqrar-Times1211/app/src/main/java/com/examp
le/iqrarnewscompose/NewsViewModel.kt:74:69 
Cannot infer type for this parameter. Specify 
it explicitly.
e: file:///C:/Users/AKSHAY/AndroidStudioProjec
ts/Iqrar-Times1211/app/src/main/java/com/examp
le/iqrarnewscompose/NewsViewModel.kt:74:74 
Unresolved reference 'id'.
e: file:///C:/Users/AKSHAY/AndroidStudioProjec
ts/Iqrar-Times1211/app/src/main/java/com/examp
le/iqrarnewscompose/NewsViewModel.kt:77:51 
Cannot infer type for this parameter. Specify 
it explicitly.
e: file:///C:/Users/AKSHAY/AndroidStudioProjec
ts/Iqrar-Times1211/app/src/main/java/com/examp
le/iqrarnewscompose/NewsViewModel.kt:77:51 
Not enough information to infer type argument 
for 'T'.
e: file:///C:/Users/AKSHAY/AndroidStudioProjec
ts/Iqrar-Times1211/app/src/main/java/com/examp
le/iqrarnewscompose/NewsViewModel.kt:77:51 
Not enough information to infer type argument 
for 'R'.
e: file:///C:/Users/AKSHAY/AndroidStudioProjec
ts/Iqrar-Times1211/app/src/main/java/com/examp
le/iqrarnewscompose/NewsViewModel.kt:77:70 
Cannot infer type for this parameter. Specify 
it explicitly.
e: file:///C:/Users/AKSHAY/AndroidStudioProjec
ts/Iqrar-Times1211/app/src/main/java/com/examp
le/iqrarnewscompose/NewsViewModel.kt:77:75 
Unresolved reference 'date'.

FAILURE: Build completed with 2 failures.

1: Task failed with an exception.
-----------
* What went wrong:
Execution failed for task 
':app:compileStageDebugKotlin'.
> A failure occurred while executing org.jetbr
ains.kotlin.compilerRunner.GradleCompilerRunne
rWithWorkers$GradleKotlinCompilerWorkAction
   > Compilation error. See log for more 
details

* Try:
> Run with --stacktrace option to get the 
stack trace.
> Run with --info or --debug option to get 
more log output.
> Run with --scan to generate a Build Scan 
(powered by Develocity).
> Get more help at https://help.gradle.org.
==============================================
================================

2: Task failed with an exception.
-----------
* What went wrong:
Execution failed for task 
':app:compileProdDebugKotlin'.
> A failure occurred while executing org.jetbr
ains.kotlin.compilerRunner.GradleCompilerRunne
rWithWorkers$GradleKotlinCompilerWorkAction
   > Compilation error. See log for more 
details

* Try:
> Run with --stacktrace option to get the 
stack trace.
> Run with --info or --debug option to get 
more log output.
> Run with --scan to generate a Build Scan 
(powered by Develocity).
> Get more help at https://help.gradle.org.
==============================================
================================

BUILD FAILED in 8s
66 actionable tasks: 2 executed, 64 up-to-date
