> Task :app:preBuild UP-TO-DATE
> Task :app:preProdDebugBuild UP-TO-DATE
> Task :app:mergeProdDebugNativeDebugMetadata NO-SOURCE
> Task :app:generateProdDebugBuildConfig UP-TO-DATE
> Task :app:generateProdDebugResources UP-TO-DATE
> Task :app:injectCrashlyticsMappingFileIdProdDebug UP-TO-DATE
> Task :app:injectCrashlyticsVersionControlInfoProdDebug UP-TO-DATE
> Task :app:processProdDebugGoogleServices UP-TO-DATE
> Task :app:packageProdDebugResources UP-TO-DATE
> Task :app:processProdDebugNavigationResources UP-TO-DATE
> Task :app:parseProdDebugLocalResources UP-TO-DATE
> Task :app:generateProdDebugRFile UP-TO-DATE
> Task :app:javaPreCompileProdDebug UP-TO-DATE
> Task :app:generateProdDebugAssets UP-TO-DATE
> Task :app:mergeProdDebugAssets UP-TO-DATE
> Task :app:compressProdDebugAssets UP-TO-DATE
> Task :app:checkProdDebugDuplicateClasses UP-TO-DATE
> Task :app:desugarProdDebugFileDependencies UP-TO-DATE
> Task :app:mergeExtDexProdDebug UP-TO-DATE
> Task :app:mergeLibDexProdDebug UP-TO-DATE
> Task :app:checkProdDebugAarMetadata UP-TO-DATE
> Task :app:compileProdDebugNavigationResources UP-TO-DATE
> Task :app:mapProdDebugSourceSetPaths UP-TO-DATE
> Task :app:mergeProdDebugResources UP-TO-DATE
> Task :app:createProdDebugCompatibleScreenManifests UP-TO-DATE
> Task :app:extractDeepLinksProdDebug UP-TO-DATE
> Task :app:processProdDebugMainManifest UP-TO-DATE
> Task :app:processProdDebugManifest UP-TO-DATE
> Task :app:processProdDebugManifestForPackage UP-TO-DATE
> Task :app:processProdDebugResources UP-TO-DATE
> Task :app:mergeProdDebugJniLibFolders UP-TO-DATE
> Task :app:mergeProdDebugNativeLibs UP-TO-DATE
> Task :app:stripProdDebugDebugSymbols UP-TO-DATE
> Task :app:validateSigningProdDebug UP-TO-DATE
> Task :app:writeProdDebugAppMetadata UP-TO-DATE
> Task :app:writeProdDebugSigningConfigVersions UP-TO-DATE
> Task :app:preStageDebugBuild UP-TO-DATE
> Task :app:mergeStageDebugNativeDebugMetadata NO-SOURCE
> Task :app:generateStageDebugBuildConfig UP-TO-DATE
> Task :app:generateStageDebugResources UP-TO-DATE
> Task :app:injectCrashlyticsMappingFileIdStageDebug UP-TO-DATE
> Task :app:injectCrashlyticsVersionControlInfoStageDebug UP-TO-DATE
> Task :app:processStageDebugGoogleServices UP-TO-DATE
> Task :app:packageStageDebugResources UP-TO-DATE
> Task :app:processStageDebugNavigationResources UP-TO-DATE
> Task :app:parseStageDebugLocalResources UP-TO-DATE
> Task :app:generateStageDebugRFile UP-TO-DATE
> Task :app:javaPreCompileStageDebug UP-TO-DATE
> Task :app:generateStageDebugAssets UP-TO-DATE
> Task :app:mergeStageDebugAssets UP-TO-DATE
> Task :app:compressStageDebugAssets UP-TO-DATE
> Task :app:checkStageDebugDuplicateClasses UP-TO-DATE
> Task :app:desugarStageDebugFileDependencies UP-TO-DATE
> Task :app:mergeExtDexStageDebug UP-TO-DATE
> Task :app:mergeLibDexStageDebug UP-TO-DATE
> Task :app:checkStageDebugAarMetadata UP-TO-DATE
> Task :app:compileStageDebugNavigationResources UP-TO-DATE
> Task :app:mapStageDebugSourceSetPaths UP-TO-DATE
> Task :app:mergeStageDebugResources UP-TO-DATE
> Task :app:createStageDebugCompatibleScreenManifests UP-TO-DATE
> Task :app:extractDeepLinksStageDebug UP-TO-DATE
> Task :app:processStageDebugMainManifest UP-TO-DATE
> Task :app:processStageDebugManifest UP-TO-DATE
> Task :app:processStageDebugManifestForPackage UP-TO-DATE
> Task :app:processStageDebugResources UP-TO-DATE
> Task :app:mergeStageDebugJniLibFolders UP-TO-DATE
> Task :app:mergeStageDebugNativeLibs UP-TO-DATE
> Task :app:stripStageDebugDebugSymbols UP-TO-DATE
> Task :app:validateSigningStageDebug UP-TO-DATE
> Task :app:writeStageDebugAppMetadata UP-TO-DATE
> Task :app:writeStageDebugSigningConfigVersions UP-TO-DATE

> Task :app:compileProdDebugKotlin
w: file:///C:/Users/AKSHAY/AndroidStudioProjects/Iqrar-Times1211/app/src/main/java/Screens/LiveTv.kt:232:21 'fun Divider(modifier: Modifier = ..., thickness: Dp = ..., color: Color = ...): Unit' is deprecated. Renamed to HorizontalDivider.
w: file:///C:/Users/AKSHAY/AndroidStudioProjects/Iqrar-Times1211/app/src/main/java/Screens/ProfileScreen.kt:210:39 'val Icons.Filled.Logout: ImageVector' is deprecated. Use the AutoMirrored version at Icons.AutoMirrored.Filled.Logout.
w: file:///C:/Users/AKSHAY/AndroidStudioProjects/Iqrar-Times1211/app/src/main/java/com/example/iqrarnewscompose/CustomToggleButton.kt:45:17 'fun quadraticBezierTo(x1: Float, y1: Float, x2: Float, y2: Float): Unit' is deprecated. Use quadraticTo() for consistency with cubicTo().
w: file:///C:/Users/AKSHAY/AndroidStudioProjects/Iqrar-Times1211/app/src/main/java/com/example/iqrarnewscompose/CustomToggleButton.kt:77:17 'fun quadraticBezierTo(x1: Float, y1: Float, x2: Float, y2: Float): Unit' is deprecated. Use quadraticTo() for consistency with cubicTo().
w: file:///C:/Users/AKSHAY/AndroidStudioProjects/Iqrar-Times1211/app/src/main/java/com/example/iqrarnewscompose/FlipNewsScreen.kt:190:33 'fun ClickableText(text: AnnotatedString, modifier: Modifier = ..., style: TextStyle = ..., softWrap: Boolean = ..., overflow: TextOverflow = ..., maxLines: Int = ..., onTextLayout: (TextLayoutResult) -> Unit = ..., onClick: (Int) -> Unit): Unit' is deprecated. Use Text or BasicText and pass an AnnotatedString that contains a LinkAnnotation. Check LinkAnnotation's documentation for more details and samples.

> Task :app:compileStageDebugKotlin
w: file:///C:/Users/AKSHAY/AndroidStudioProjects/Iqrar-Times1211/app/src/main/java/Screens/LiveTv.kt:232:21 'fun Divider(modifier: Modifier = ..., thickness: Dp = ..., color: Color = ...): Unit' is deprecated. Renamed to HorizontalDivider.
w: file:///C:/Users/AKSHAY/AndroidStudioProjects/Iqrar-Times1211/app/src/main/java/Screens/ProfileScreen.kt:210:39 'val Icons.Filled.Logout: ImageVector' is deprecated. Use the AutoMirrored version at Icons.AutoMirrored.Filled.Logout.
w: file:///C:/Users/AKSHAY/AndroidStudioProjects/Iqrar-Times1211/app/src/main/java/com/example/iqrarnewscompose/CustomToggleButton.kt:45:17 'fun quadraticBezierTo(x1: Float, y1: Float, x2: Float, y2: Float): Unit' is deprecated. Use quadraticTo() for consistency with cubicTo().
w: file:///C:/Users/AKSHAY/AndroidStudioProjects/Iqrar-Times1211/app/src/main/java/com/example/iqrarnewscompose/CustomToggleButton.kt:77:17 'fun quadraticBezierTo(x1: Float, y1: Float, x2: Float, y2: Float): Unit' is deprecated. Use quadraticTo() for consistency with cubicTo().
w: file:///C:/Users/AKSHAY/AndroidStudioProjects/Iqrar-Times1211/app/src/main/java/com/example/iqrarnewscompose/FlipNewsScreen.kt:190:33 'fun ClickableText(text: AnnotatedString, modifier: Modifier = ..., style: TextStyle = ..., softWrap: Boolean = ..., overflow: TextOverflow = ..., maxLines: Int = ..., onTextLayout: (TextLayoutResult) -> Unit = ..., onClick: (Int) -> Unit): Unit' is deprecated. Use Text or BasicText and pass an AnnotatedString that contains a LinkAnnotation. Check LinkAnnotation's documentation for more details and samples.

> Task :app:compileStageDebugJavaWithJavac UP-TO-DATE
> Task :app:compileProdDebugJavaWithJavac UP-TO-DATE
> Task :app:processProdDebugJavaRes UP-TO-DATE
> Task :app:mergeProdDebugJavaResource UP-TO-DATE
> Task :app:dexBuilderProdDebug
> Task :app:mergeProjectDexProdDebug
> Task :app:dexBuilderStageDebug
> Task :app:processStageDebugJavaRes UP-TO-DATE
> Task :app:mergeStageDebugJavaResource UP-TO-DATE
> Task :app:mergeProjectDexStageDebug
> Task :app:packageProdDebug
> Task :app:createProdDebugApkListingFileRedirect UP-TO-DATE
> Task :app:assembleProdDebug
> Task :app:packageStageDebug
> Task :app:createStageDebugApkListingFileRedirect
> Task :app:assembleStageDebug
> Task :app:assembleDebug

BUILD SUCCESSFUL in 20s
80 actionable tasks: 9 executed, 71 up-to-date
Consider enabling configuration cache to speed up this build: https://docs.gradle.org/9.2.1/userguide/configuration_cache_enabling.html
